Test suite ran: 65 passed, 39 failed
